  [API] 07.51.08  GET /v1/characters
  [API] 07.51.09  GET /v1/characters  →  18 characters
  [API] 07.51.09  GET /v1/weapons
  [API] 07.51.09  GET /v1/weapons  →  52 weapons
  [API] 07.51.24  GET /v1/roll/1d7
  [API] 07.51.24  GET /v1/roll/1d7  →  7
  [API] 07.51.24  GET /v1/roll/D20
  [API] 07.51.24  GET /v1/roll/D20  →  2
  [API] 07.51.24  GET /v1/roll/D10
  [API] 07.51.24  GET /v1/roll/D10  →  6
  [API] 07.51.24  GET /v1/roll/D10
  [API] 07.51.24  GET /v1/roll/D10  →  2
  [API] 07.51.24  GET /v1/roll/D10
  [API] 07.51.24  GET /v1/roll/D10  →  6
  [API] 07.51.40  GET /v1/characters
  [API] 07.51.40  GET /v1/characters  →  18 characters
  [API] 07.51.40  GET /v1/weapons
  [API] 07.51.40  GET /v1/weapons  →  52 weapons
  [API] 07.52.02  GET /v1/roll/D20
  [API] 07.52.02  GET /v1/roll/D20  →  6
  [API] 07.52.02  GET /v1/roll/D8
  [API] 07.52.02  GET /v1/roll/D8  →  8
  [API] 07.52.02  GET /v1/roll/D100
  [API] 07.52.02  GET /v1/roll/D100  →  35
