  [API] 21.08.40  GET /v1/characters
  [API] 21.08.41  GET /v1/characters  →  18 characters
  [API] 21.08.41  GET /v1/weapons
  [API] 21.08.41  GET /v1/weapons  →  52 weapons
  [API] 21.09.09  GET /v1/roll/D20
  [API] 21.09.09  GET /v1/roll/D20  →  13
  [API] 21.09.09  GET /v1/roll/D8
  [API] 21.09.09  GET /v1/roll/D8  →  8
  [API] 21.09.09  GET /v1/roll/D20
  [API] 21.09.09  GET /v1/roll/D20  →  13
  [API] 21.09.09  GET /v1/roll/D10
  [API] 21.09.09  GET /v1/roll/D10  →  5
  [API] 21.09.09  GET /v1/roll/D20
  [API] 21.09.09  GET /v1/roll/D20  →  8
  [API] 21.09.09  GET /v1/roll/D8
  [API] 21.09.09  GET /v1/roll/D8  →  7
  [API] 21.09.09  GET /v1/roll/D20
  [API] 21.09.09  GET /v1/roll/D20  →  10
  [API] 21.09.09  GET /v1/roll/D10
  [API] 21.09.09  GET /v1/roll/D10  →  10
  [API] 21.09.09  GET /v1/roll/D20
  [API] 21.09.09  GET /v1/roll/D20  →  2
  [API] 21.09.09  GET /v1/roll/D8
  [API] 21.09.09  GET /v1/roll/D8  →  7
  [API] 21.09.09  GET /v1/roll/D20
  [API] 21.09.09  GET /v1/roll/D20  →  13
  [API] 21.09.09  GET /v1/roll/D8
  [API] 21.09.09  GET /v1/roll/D8  →  8
  [API] 21.09.09  GET /v1/roll/D20
  [API] 21.09.09  GET /v1/roll/D20  →  19
  [API] 21.09.09  GET /v1/roll/D10
  [API] 21.09.09  GET /v1/roll/D10  →  7
  [API] 21.09.09  GET /v1/roll/D20
  [API] 21.09.09  GET /v1/roll/D20  →  2
  [API] 21.09.09  GET /v1/roll/D8
  [API] 21.09.09  GET /v1/roll/D8  →  5
  [API] 21.09.09  GET /v1/roll/D20
  [API] 21.09.09  GET /v1/roll/D20  →  1
  [API] 21.09.09  GET /v1/roll/D20
  [API] 21.09.09  GET /v1/roll/D20  →  12
  [API] 21.09.09  GET /v1/roll/D8
  [API] 21.09.09  GET /v1/roll/D8  →  1
  [API] 21.09.09  GET /v1/roll/D20
  [API] 21.09.09  GET /v1/roll/D20  →  10
  [API] 21.09.09  GET /v1/roll/D10
  [API] 21.09.09  GET /v1/roll/D10  →  8
  [API] 21.09.09  GET /v1/roll/D20
  [API] 21.09.09  GET /v1/roll/D20  →  14
  [API] 21.09.09  GET /v1/roll/D8
  [API] 21.09.09  GET /v1/roll/D8  →  2
  [API] 21.09.09  GET /v1/roll/D20
  [API] 21.09.09  GET /v1/roll/D20  →  8
  [API] 21.09.09  GET /v1/roll/D8
  [API] 21.09.09  GET /v1/roll/D8  →  3
  [API] 21.09.09  GET /v1/roll/D20
  [API] 21.09.09  GET /v1/roll/D20  →  2
  [API] 21.09.09  GET /v1/roll/D10
  [API] 21.09.09  GET /v1/roll/D10  →  5
  [API] 21.09.09  GET /v1/roll/D20
  [API] 21.09.09  GET /v1/roll/D20  →  19
  [API] 21.09.09  GET /v1/roll/D8
  [API] 21.09.09  GET /v1/roll/D8  →  1
  [API] 21.09.09  GET /v1/roll/D20
  [API] 21.09.09  GET /v1/roll/D20  →  10
  [API] 21.09.09  GET /v1/roll/D10
  [API] 21.09.09  GET /v1/roll/D10  →  5
  [API] 21.09.09  GET /v1/roll/D20
  [API] 21.09.09  GET /v1/roll/D20  →  3
  [API] 21.09.09  GET /v1/roll/D8
  [API] 21.09.09  GET /v1/roll/D8  →  2
  [API] 21.09.09  GET /v1/roll/D20
  [API] 21.09.09  GET /v1/roll/D20  →  16
  [API] 21.09.09  GET /v1/roll/D8
  [API] 21.09.09  GET /v1/roll/D8  →  7
